[('linux-2.6.23/include/asm-sh/addrspace.h.orig',
  'linux-2.6.23/include/asm-sh/addrspace.h',
  '--- linux-2.6.23/include/asm-sh/addrspace.h.orig\n+++ linux-2.6.23/include/asm-sh/addrspace.h\n@@ -31,7 +31,7 @@\n/* Returns the privileged segment base of a given address  */\n#define PXSEG(a)\t(((unsigned long)(a)) & 0xe0000000)\n\n-#ifndef CONFIG_32BIT\n+//#ifndef CONFIG_32BIT\n/* Returns the physical address of a PnSEG (n=1,2) address   */\n#define PHYSADDR(a)\t(((unsigned long)(a)) & 0x1fffffff)\n\n@@ -42,7 +42,7 @@\n#define P2SEGADDR(a)\t((__typeof__(a))(((unsigned long)(a) & 0x1fffffff) | P2SEG))\n#define P3SEGADDR(a)\t((__typeof__(a))(((unsigned long)(a) & 0x1fffffff) | P3SEG))\n#define P4SEGADDR(a)\t((__typeof__(a))(((unsigned long)(a) & 0x1fffffff) | P4SEG))\n-#endif\n+//#endif\n\n/* Check if an address can be reached in 29 bits */\n#define IS_29BIT(a)\t(((unsigned long)(a)) < 0x20000000)')]