[
  [
    "linux-2.6.23/arch/sh/kernel/cpu/init.c.orig", 
    "linux-2.6.23/arch/sh/kernel/cpu/init.c", 
    [
      "--- linux-2.6.23/arch/sh/kernel/cpu/init.c.orig", 
      "+++ linux-2.6.23/arch/sh/kernel/cpu/init.c", 
      "@@ -229,6 +229,9 @@", 
      "panic(\"Unknown CPU\");", 
      "", 
      "#ifdef CONFIG_32BIT", 
      "+#ifndef CONFIG_CPU_SUBTYPE_STX7105", 
      "+  if ((ctrl_inl(MMUCR)&MMUCR_SE)==MMUCR_SE)", 
      "+#endif", 
      "pmb_init();", 
      "#endif", 
      ""
    ]
  ]
]