[
  [
    "linux-2.6.23/kernel/printk.c~", 
    "linux-2.6.23/kernel/printk.c", 
    [
      "--- linux-2.6.23/kernel/printk.c~", 
      "+++ linux-2.6.23/kernel/printk.c", 
      "@@ -327,8 +327,14 @@", 
      "for (con = console_drivers; con; con = con->next) {", 
      "if ((con->flags & CON_ENABLED) && con->write &&", 
      "(cpu_online(smp_processor_id()) ||", 
      "-\t\t\t\t(con->flags & CON_ANYTIME)))", 
      "-\t\t\tcon->write(con, &LOG_BUF(start), end - start);", 
      "+\t\t\t\t (con->flags & CON_ANYTIME))) {", 
      "+\t\t\tif (con->flags & CON_LOGLEVEL) {", 
      "+\t\t\t\tcon->write(con, &LOG_BUF(start), end - start);", 
      "+\t\t\t}", 
      "+\t\t\telse {", 
      "+\t\t\t\tcon->write(con, &LOG_BUF(start + 3), end - start - 3);", 
      "+\t\t\t}", 
      "+\t\t}", 
      "}", 
      "}", 
      "", 
      "@@ -384,7 +390,6 @@", 
      "LOG_BUF(cur_index + 1) <= '7' &&", 
      "LOG_BUF(cur_index + 2) == '>') {", 
      "msg_level = LOG_BUF(cur_index + 1) - '0';", 
      "-\t\t\tcur_index += 3;", 
      "start_print = cur_index;", 
      "}", 
      "while (cur_index != end) {"
    ]
  ], 
  [
    "linux-2.6.23/include/linux/console.h~", 
    "linux-2.6.23/include/linux/console.h", 
    [
      "--- linux-2.6.23/include/linux/console.h~", 
      "+++ linux-2.6.23/include/linux/console.h", 
      "@@ -90,6 +90,7 @@", 
      "#define CON_ENABLED\t(4)", 
      "#define CON_BOOT\t(8)", 
      "#define CON_ANYTIME\t(16) /* Safe to call when cpu is offline */", 
      "+#define CON_LOGLEVEL\t(32)", 
      "", 
      "struct console {", 
      "char\tname[16];"
    ]
  ], 
  [
    "linux-2.6.23/drivers/net/netconsole.c~", 
    "linux-2.6.23/drivers/net/netconsole.c", 
    [
      "--- linux-2.6.23/drivers/net/netconsole.c~", 
      "+++ linux-2.6.23/drivers/net/netconsole.c", 
      "@@ -146,7 +146,7 @@", 
      "", 
      "static struct console netconsole = {", 
      ".name = \"netcon\",", 
      "-\t.flags = CON_ENABLED | CON_PRINTBUFFER,", 
      "+\t.flags = CON_ENABLED | CON_PRINTBUFFER | CON_LOGLEVEL,", 
      ".write = write_msg", 
      "};", 
      ""
    ]
  ]
]