[('linux-2.6.23/drivers/mtd/nand/nand_base.c',
  'nand_bbt_fix/nand_base.c',
  '--- linux-2.6.23/drivers/mtd/nand/nand_base.c\n+++ nand_bbt_fix/nand_base.c\n@@ -65,10 +65,9 @@\n\nstatic struct nand_ecclayout nand_oob_16 = {\n.eccbytes = 6,\n-\t.eccpos = {0, 1, 2, 3, 6, 7},\n-\t.oobfree = {\n-\t\t{.offset = 8,\n-\t\t . length = 8}}\n+\t.eccpos = { 8, 9, 10, 13, 14, 15 },\n+\t.oobavail = 9,\n+\t.oobfree = { { 0, 4 }, { 6, 2 }, { 11, 2 }, { 4, 1 } }\n};\n\nstatic struct nand_ecclayout nand_oob_64 = {\n@@ -2382,7 +2382,7 @@\ntype = nand_get_flash_type(mtd, chip, busw, &nand_maf_id);\n\nif (IS_ERR(type)) {\n-\t\tprintk(KERN_WARNING "No NAND device found!!!\\n");\n+\t\tprintk(KERN_INFO "No NAND device found!!!\\n");\nchip->select_chip(mtd, -1);\nreturn PTR_ERR(type);\n}'),
 ('linux-2.6.23/drivers/mtd/nand/nand_bbt.c',
  'nand_bbt_fix/nand_bbt.c',
  '--- linux-2.6.23/drivers/mtd/nand/nand_bbt.c\n+++ nand_bbt_fix/nand_bbt.c\n@@ -1119,9 +1119,9 @@\nstatic struct nand_bbt_descr bbt_main_descr = {\n.options = NAND_BBT_LASTBLOCK | NAND_BBT_CREATE | NAND_BBT_WRITE\n| NAND_BBT_2BIT | NAND_BBT_VERSION | NAND_BBT_PERCHIP,\n-\t.offs =\t8,\n+\t.offs =\t0,\n.len = 4,\n-\t.veroffs = 12,\n+\t.veroffs = 5,\n.maxblocks = 4,\n.pattern = bbt_pattern\n};\n@@ -1129,9 +1129,9 @@\nstatic struct nand_bbt_descr bbt_mirror_descr = {\n.options = NAND_BBT_LASTBLOCK | NAND_BBT_CREATE | NAND_BBT_WRITE\n| NAND_BBT_2BIT | NAND_BBT_VERSION | NAND_BBT_PERCHIP,\n-\t.offs =\t8,\n+\t.offs =\t0,\n.len = 4,\n-\t.veroffs = 12,\n+\t.veroffs = 5,\n.maxblocks = 4,\n.pattern = mirror_pattern\n};')]