[
  [
    "linux-2.6.23.orig/fs/Makefile", 
    "linux-2.6.23/fs/Makefile", 
    [
      "Index: linux-2.6.23/fs/Makefile", 
      "===================================================================", 
      "--- linux-2.6.23.orig/fs/Makefile", 
      "+++ linux-2.6.23/fs/Makefile", 
      "@@ -72,7 +72,6 @@ obj-$(CONFIG_JBD)\t\t+= jbd/", 
      "obj-$(CONFIG_JBD2)\t\t+= jbd2/", 
      "obj-$(CONFIG_EXT2_FS)\t\t+= ext2/", 
      "obj-$(CONFIG_CRAMFS)\t\t+= cramfs/", 
      "-obj-$(CONFIG_SQUASHFS)\t\t+= squashfs/", 
      "obj-$(CONFIG_RAMFS)\t\t+= ramfs/", 
      "obj-$(CONFIG_HUGETLBFS)\t\t+= hugetlbfs/", 
      "obj-$(CONFIG_CODA_FS)\t\t+= coda/"
    ]
  ]
]