[
  [
    "linux-2.6.23/fs/unionfs/dentry.c~", 
    "linux-2.6.23/fs/unionfs/dentry.c", 
    [
      "--- linux-2.6.23/fs/unionfs/dentry.c~", 
      "+++ linux-2.6.23/fs/unionfs/dentry.c", 
      "@@ -273,9 +273,6 @@", 
      "&lower_inode->i_mtime) < 0)) {", 
      "if ((lower_inode->i_mtime.tv_sec -", 
      "inode->i_mtime.tv_sec) > UNIONFS_MIN_CC_TIME) {", 
      "-\t\t\t\tpr_info(\"unionfs: new lower inode mtime \"", 
      "-\t\t\t\t\t\"(bindex=%d, name=%s)\\n\", bindex,", 
      "-\t\t\t\t\tdentry->d_name.name);", 
      "show_dinode_times(dentry);", 
      "}", 
      "return true;", 
      "@@ -284,9 +281,6 @@", 
      "&lower_inode->i_ctime) < 0)) {", 
      "if ((lower_inode->i_ctime.tv_sec -", 
      "inode->i_ctime.tv_sec) > UNIONFS_MIN_CC_TIME) {", 
      "-\t\t\t\tpr_info(\"unionfs: new lower inode ctime \"", 
      "-\t\t\t\t\t\"(bindex=%d, name=%s)\\n\", bindex,", 
      "-\t\t\t\t\tdentry->d_name.name);", 
      "show_dinode_times(dentry);", 
      "}", 
      "return true;"
    ]
  ]
]