[
  {
    "type": "nuget",
    "namespace": null,
    "name": "Newtonsoft.Json",
    "version": "13.0.1",
    "qualifiers": {},
    "subpath": null,
    "primary_language": null,
    "description": null,
    "release_date": null,
    "parties": [],
    "keywords": [],
    "homepage_url": null,
    "download_url": null,
    "size": null,
    "sha1": null,
    "md5": null,
    "sha256": null,
    "sha512": null,
    "bug_tracking_url": null,
    "code_view_url": null,
    "vcs_url": null,
    "copyright": null,
    "holder": null,
    "declared_license_expression": null,
    "declared_license_expression_spdx": null,
    "license_detections": [],
    "other_license_expression": null,
    "other_license_expression_spdx": null,
    "other_license_detections": [],
    "extracted_license_statement": null,
    "notice_text": null,
    "source_packages": [],
    "file_references": [],
    "extra_data": {},
    "dependencies": [],
    "repository_homepage_url": "https://www.nuget.org/packages/Newtonsoft.Json/13.0.1",
    "repository_download_url": "https://www.nuget.org/api/v2/package/Newtonsoft.Json/13.0.1",
    "api_data_url": "https://api.nuget.org/v3/registration3/newtonsoft.json/13.0.1.json",
    "datasource_id": "nuget_csproj",
    "purl": "pkg:nuget/Newtonsoft.Json@13.0.1"
  }
]
