[
  {
    "type": "windows-program",
    "namespace": null,
    "name": null,
    "version": null,
    "qualifiers": {},
    "subpath": null,
    "primary_language": null,
    "description": null,
    "release_date": null,
    "parties": [],
    "keywords": [],
    "homepage_url": null,
    "download_url": null,
    "size": null,
    "sha1": null,
    "md5": null,
    "sha256": null,
    "sha512": null,
    "bug_tracking_url": null,
    "code_view_url": null,
    "vcs_url": null,
    "copyright": null,
    "declared_license_expression": null,
    "declared_license_expression_spdx": null,
    "license_detections": [],
    "other_license_expression": null,
    "other_license_expression_spdx": null,
    "other_license_detections": [],
    "extracted_license_statement": null,
    "notice_text": null,
    "source_packages": [],
    "file_references": [],
    "extra_data": {},
    "dependencies": [],
    "repository_homepage_url": null,
    "repository_download_url": null,
    "api_data_url": null,
    "datasource_id": "win_reg_installed_programs_docker_file_software",
    "holder": null,
    "purl": null
  },
  {
    "type": "windows-program",
    "namespace": null,
    "name": null,
    "version": null,
    "qualifiers": {},
    "subpath": null,
    "primary_language": null,
    "description": null,
    "release_date": null,
    "parties": [],
    "keywords": [],
    "homepage_url": null,
    "download_url": null,
    "size": null,
    "sha1": null,
    "md5": null,
    "sha256": null,
    "sha512": null,
    "bug_tracking_url": null,
    "code_view_url": null,
    "vcs_url": null,
    "copyright": null,
    "declared_license_expression": null,
    "declared_license_expression_spdx": null,
    "license_detections": [],
    "other_license_expression": null,
    "other_license_expression_spdx": null,
    "other_license_detections": [],
    "extracted_license_statement": null,
    "notice_text": null,
    "source_packages": [],
    "file_references": [],
    "extra_data": {},
    "dependencies": [],
    "repository_homepage_url": null,
    "repository_download_url": null,
    "api_data_url": null,
    "datasource_id": "win_reg_installed_programs_docker_file_software",
    "holder": null,
    "purl": null
  },
  {
    "type": "windows-program",
    "namespace": null,
    "name": null,
    "version": null,
    "qualifiers": {},
    "subpath": null,
    "primary_language": null,
    "description": null,
    "release_date": null,
    "parties": [],
    "keywords": [],
    "homepage_url": null,
    "download_url": null,
    "size": null,
    "sha1": null,
    "md5": null,
    "sha256": null,
    "sha512": null,
    "bug_tracking_url": null,
    "code_view_url": null,
    "vcs_url": null,
    "copyright": null,
    "declared_license_expression": null,
    "declared_license_expression_spdx": null,
    "license_detections": [],
    "other_license_expression": null,
    "other_license_expression_spdx": null,
    "other_license_detections": [],
    "extracted_license_statement": null,
    "notice_text": null,
    "source_packages": [],
    "file_references": [],
    "extra_data": {},
    "dependencies": [],
    "repository_homepage_url": null,
    "repository_download_url": null,
    "api_data_url": null,
    "datasource_id": "win_reg_installed_programs_docker_file_software",
    "holder": null,
    "purl": null
  },
  {
    "type": "windows-program",
    "namespace": null,
    "name": null,
    "version": null,
    "qualifiers": {},
    "subpath": null,
    "primary_language": null,
    "description": null,
    "release_date": null,
    "parties": [],
    "keywords": [],
    "homepage_url": null,
    "download_url": null,
    "size": null,
    "sha1": null,
    "md5": null,
    "sha256": null,
    "sha512": null,
    "bug_tracking_url": null,
    "code_view_url": null,
    "vcs_url": null,
    "copyright": null,
    "declared_license_expression": null,
    "declared_license_expression_spdx": null,
    "license_detections": [],
    "other_license_expression": null,
    "other_license_expression_spdx": null,
    "other_license_detections": [],
    "extracted_license_statement": null,
    "notice_text": null,
    "source_packages": [],
    "file_references": [],
    "extra_data": {},
    "dependencies": [],
    "repository_homepage_url": null,
    "repository_download_url": null,
    "api_data_url": null,
    "datasource_id": "win_reg_installed_programs_docker_file_software",
    "holder": null,
    "purl": null
  },
  {
    "type": "windows-program",
    "namespace": null,
    "name": null,
    "version": null,
    "qualifiers": {},
    "subpath": null,
    "primary_language": null,
    "description": null,
    "release_date": null,
    "parties": [],
    "keywords": [],
    "homepage_url": null,
    "download_url": null,
    "size": null,
    "sha1": null,
    "md5": null,
    "sha256": null,
    "sha512": null,
    "bug_tracking_url": null,
    "code_view_url": null,
    "vcs_url": null,
    "copyright": null,
    "declared_license_expression": null,
    "declared_license_expression_spdx": null,
    "license_detections": [],
    "other_license_expression": null,
    "other_license_expression_spdx": null,
    "other_license_detections": [],
    "extracted_license_statement": null,
    "notice_text": null,
    "source_packages": [],
    "file_references": [],
    "extra_data": {},
    "dependencies": [],
    "repository_homepage_url": null,
    "repository_download_url": null,
    "api_data_url": null,
    "datasource_id": "win_reg_installed_programs_docker_file_software",
    "holder": null,
    "purl": null
  },
  {
    "type": "windows-program",
    "namespace": null,
    "name": null,
    "version": null,
    "qualifiers": {},
    "subpath": null,
    "primary_language": null,
    "description": null,
    "release_date": null,
    "parties": [],
    "keywords": [],
    "homepage_url": null,
    "download_url": null,
    "size": null,
    "sha1": null,
    "md5": null,
    "sha256": null,
    "sha512": null,
    "bug_tracking_url": null,
    "code_view_url": null,
    "vcs_url": null,
    "copyright": null,
    "declared_license_expression": null,
    "declared_license_expression_spdx": null,
    "license_detections": [],
    "other_license_expression": null,
    "other_license_expression_spdx": null,
    "other_license_detections": [],
    "extracted_license_statement": null,
    "notice_text": null,
    "source_packages": [],
    "file_references": [],
    "extra_data": {},
    "dependencies": [],
    "repository_homepage_url": null,
    "repository_download_url": null,
    "api_data_url": null,
    "datasource_id": "win_reg_installed_programs_docker_file_software",
    "holder": null,
    "purl": null
  },
  {
    "type": "windows-program",
    "namespace": null,
    "name": null,
    "version": null,
    "qualifiers": {},
    "subpath": null,
    "primary_language": null,
    "description": null,
    "release_date": null,
    "parties": [],
    "keywords": [],
    "homepage_url": null,
    "download_url": null,
    "size": null,
    "sha1": null,
    "md5": null,
    "sha256": null,
    "sha512": null,
    "bug_tracking_url": null,
    "code_view_url": null,
    "vcs_url": null,
    "copyright": null,
    "declared_license_expression": null,
    "declared_license_expression_spdx": null,
    "license_detections": [],
    "other_license_expression": null,
    "other_license_expression_spdx": null,
    "other_license_detections": [],
    "extracted_license_statement": null,
    "notice_text": null,
    "source_packages": [],
    "file_references": [],
    "extra_data": {},
    "dependencies": [],
    "repository_homepage_url": null,
    "repository_download_url": null,
    "api_data_url": null,
    "datasource_id": "win_reg_installed_programs_docker_file_software",
    "holder": null,
    "purl": null
  },
  {
    "type": "windows-program",
    "namespace": null,
    "name": null,
    "version": null,
    "qualifiers": {},
    "subpath": null,
    "primary_language": null,
    "description": null,
    "release_date": null,
    "parties": [],
    "keywords": [],
    "homepage_url": null,
    "download_url": null,
    "size": null,
    "sha1": null,
    "md5": null,
    "sha256": null,
    "sha512": null,
    "bug_tracking_url": null,
    "code_view_url": null,
    "vcs_url": null,
    "copyright": null,
    "declared_license_expression": null,
    "declared_license_expression_spdx": null,
    "license_detections": [],
    "other_license_expression": null,
    "other_license_expression_spdx": null,
    "other_license_detections": [],
    "extracted_license_statement": null,
    "notice_text": null,
    "source_packages": [],
    "file_references": [],
    "extra_data": {},
    "dependencies": [],
    "repository_homepage_url": null,
    "repository_download_url": null,
    "api_data_url": null,
    "datasource_id": "win_reg_installed_programs_docker_file_software",
    "holder": null,
    "purl": null
  },
  {
    "type": "windows-program",
    "namespace": null,
    "name": null,
    "version": null,
    "qualifiers": {},
    "subpath": null,
    "primary_language": null,
    "description": null,
    "release_date": null,
    "parties": [],
    "keywords": [],
    "homepage_url": null,
    "download_url": null,
    "size": null,
    "sha1": null,
    "md5": null,
    "sha256": null,
    "sha512": null,
    "bug_tracking_url": null,
    "code_view_url": null,
    "vcs_url": null,
    "copyright": null,
    "declared_license_expression": null,
    "declared_license_expression_spdx": null,
    "license_detections": [],
    "other_license_expression": null,
    "other_license_expression_spdx": null,
    "other_license_detections": [],
    "extracted_license_statement": null,
    "notice_text": null,
    "source_packages": [],
    "file_references": [],
    "extra_data": {},
    "dependencies": [],
    "repository_homepage_url": null,
    "repository_download_url": null,
    "api_data_url": null,
    "datasource_id": "win_reg_installed_programs_docker_file_software",
    "holder": null,
    "purl": null
  },
  {
    "type": "windows-program",
    "namespace": null,
    "name": null,
    "version": null,
    "qualifiers": {},
    "subpath": null,
    "primary_language": null,
    "description": null,
    "release_date": null,
    "parties": [],
    "keywords": [],
    "homepage_url": null,
    "download_url": null,
    "size": null,
    "sha1": null,
    "md5": null,
    "sha256": null,
    "sha512": null,
    "bug_tracking_url": null,
    "code_view_url": null,
    "vcs_url": null,
    "copyright": null,
    "declared_license_expression": null,
    "declared_license_expression_spdx": null,
    "license_detections": [],
    "other_license_expression": null,
    "other_license_expression_spdx": null,
    "other_license_detections": [],
    "extracted_license_statement": null,
    "notice_text": null,
    "source_packages": [],
    "file_references": [],
    "extra_data": {},
    "dependencies": [],
    "repository_homepage_url": null,
    "repository_download_url": null,
    "api_data_url": null,
    "datasource_id": "win_reg_installed_programs_docker_file_software",
    "holder": null,
    "purl": null
  },
  {
    "type": "windows-program",
    "namespace": null,
    "name": null,
    "version": null,
    "qualifiers": {},
    "subpath": null,
    "primary_language": null,
    "description": null,
    "release_date": null,
    "parties": [],
    "keywords": [],
    "homepage_url": null,
    "download_url": null,
    "size": null,
    "sha1": null,
    "md5": null,
    "sha256": null,
    "sha512": null,
    "bug_tracking_url": null,
    "code_view_url": null,
    "vcs_url": null,
    "copyright": null,
    "declared_license_expression": null,
    "declared_license_expression_spdx": null,
    "license_detections": [],
    "other_license_expression": null,
    "other_license_expression_spdx": null,
    "other_license_detections": [],
    "extracted_license_statement": null,
    "notice_text": null,
    "source_packages": [],
    "file_references": [],
    "extra_data": {},
    "dependencies": [],
    "repository_homepage_url": null,
    "repository_download_url": null,
    "api_data_url": null,
    "datasource_id": "win_reg_installed_programs_docker_file_software",
    "holder": null,
    "purl": null
  },
  {
    "type": "windows-program",
    "namespace": null,
    "name": null,
    "version": null,
    "qualifiers": {},
    "subpath": null,
    "primary_language": null,
    "description": null,
    "release_date": null,
    "parties": [],
    "keywords": [],
    "homepage_url": null,
    "download_url": null,
    "size": null,
    "sha1": null,
    "md5": null,
    "sha256": null,
    "sha512": null,
    "bug_tracking_url": null,
    "code_view_url": null,
    "vcs_url": null,
    "copyright": null,
    "declared_license_expression": null,
    "declared_license_expression_spdx": null,
    "license_detections": [],
    "other_license_expression": null,
    "other_license_expression_spdx": null,
    "other_license_detections": [],
    "extracted_license_statement": null,
    "notice_text": null,
    "source_packages": [],
    "file_references": [],
    "extra_data": {},
    "dependencies": [],
    "repository_homepage_url": null,
    "repository_download_url": null,
    "api_data_url": null,
    "datasource_id": "win_reg_installed_programs_docker_file_software",
    "holder": null,
    "purl": null
  },
  {
    "type": "windows-program",
    "namespace": null,
    "name": "Python 3.9.5 Tcl/Tk Support (64-bit)",
    "version": "3.9.5150.0",
    "qualifiers": {},
    "subpath": null,
    "primary_language": null,
    "description": null,
    "release_date": null,
    "parties": [
      {
        "type": "organization",
        "role": "publisher",
        "name": "Python Software Foundation",
        "email": null,
        "url": null
      }
    ],
    "keywords": [],
    "homepage_url": 0,
    "download_url": null,
    "size": null,
    "sha1": null,
    "md5": null,
    "sha256": null,
    "sha512": null,
    "bug_tracking_url": null,
    "code_view_url": null,
    "vcs_url": null,
    "copyright": null,
    "declared_license_expression": null,
    "declared_license_expression_spdx": null,
    "license_detections": [],
    "other_license_expression": null,
    "other_license_expression_spdx": null,
    "other_license_detections": [],
    "extracted_license_statement": null,
    "notice_text": null,
    "source_packages": [],
    "file_references": [
      {
        "path": "MsiExec.exe /I{351016A7-AED4-4824-8D2E-2F9ED497CF77}",
        "size": 0,
        "sha1": null,
        "md5": null,
        "sha256": null,
        "sha512": null,
        "extra_data": {}
      }
    ],
    "extra_data": {},
    "dependencies": [],
    "repository_homepage_url": null,
    "repository_download_url": null,
    "api_data_url": null,
    "datasource_id": "win_reg_installed_programs_docker_file_software",
    "holder": null,
    "purl": "pkg:windows-program/Python%203.9.5%20Tcl/Tk%20Support%20%2864-bit%29@3.9.5150.0"
  },
  {
    "type": "windows-program",
    "namespace": null,
    "name": "Python 3.9.5 Utility Scripts (64-bit)",
    "version": "3.9.5150.0",
    "qualifiers": {},
    "subpath": null,
    "primary_language": null,
    "description": null,
    "release_date": null,
    "parties": [
      {
        "type": "organization",
        "role": "publisher",
        "name": "Python Software Foundation",
        "email": null,
        "url": null
      }
    ],
    "keywords": [],
    "homepage_url": 0,
    "download_url": null,
    "size": null,
    "sha1": null,
    "md5": null,
    "sha256": null,
    "sha512": null,
    "bug_tracking_url": null,
    "code_view_url": null,
    "vcs_url": null,
    "copyright": null,
    "declared_license_expression": null,
    "declared_license_expression_spdx": null,
    "license_detections": [],
    "other_license_expression": null,
    "other_license_expression_spdx": null,
    "other_license_detections": [],
    "extracted_license_statement": null,
    "notice_text": null,
    "source_packages": [],
    "file_references": [
      {
        "path": "MsiExec.exe /I{420E50F6-A8E8-4098-A321-7DF6B3C3BA82}",
        "size": 0,
        "sha1": null,
        "md5": null,
        "sha256": null,
        "sha512": null,
        "extra_data": {}
      }
    ],
    "extra_data": {},
    "dependencies": [],
    "repository_homepage_url": null,
    "repository_download_url": null,
    "api_data_url": null,
    "datasource_id": "win_reg_installed_programs_docker_file_software",
    "holder": null,
    "purl": "pkg:windows-program/Python%203.9.5%20Utility%20Scripts%20%2864-bit%29@3.9.5150.0"
  },
  {
    "type": "windows-program",
    "namespace": null,
    "name": "Python 3.9.5 Add to Path (64-bit)",
    "version": "3.9.5150.0",
    "qualifiers": {},
    "subpath": null,
    "primary_language": null,
    "description": null,
    "release_date": null,
    "parties": [
      {
        "type": "organization",
        "role": "publisher",
        "name": "Python Software Foundation",
        "email": null,
        "url": null
      }
    ],
    "keywords": [],
    "homepage_url": 0,
    "download_url": null,
    "size": null,
    "sha1": null,
    "md5": null,
    "sha256": null,
    "sha512": null,
    "bug_tracking_url": null,
    "code_view_url": null,
    "vcs_url": null,
    "copyright": null,
    "declared_license_expression": null,
    "declared_license_expression_spdx": null,
    "license_detections": [],
    "other_license_expression": null,
    "other_license_expression_spdx": null,
    "other_license_detections": [],
    "extracted_license_statement": null,
    "notice_text": null,
    "source_packages": [],
    "file_references": [
      {
        "path": "MsiExec.exe /I{6504EEE5-2172-4D34-A76D-0372356396B4}",
        "size": 0,
        "sha1": null,
        "md5": null,
        "sha256": null,
        "sha512": null,
        "extra_data": {}
      }
    ],
    "extra_data": {},
    "dependencies": [],
    "repository_homepage_url": null,
    "repository_download_url": null,
    "api_data_url": null,
    "datasource_id": "win_reg_installed_programs_docker_file_software",
    "holder": null,
    "purl": "pkg:windows-program/Python%203.9.5%20Add%20to%20Path%20%2864-bit%29@3.9.5150.0"
  },
  {
    "type": "windows-program",
    "namespace": null,
    "name": "Python 3.9.5 Executables (64-bit)",
    "version": "3.9.5150.0",
    "qualifiers": {},
    "subpath": null,
    "primary_language": null,
    "description": null,
    "release_date": null,
    "parties": [
      {
        "type": "organization",
        "role": "publisher",
        "name": "Python Software Foundation",
        "email": null,
        "url": null
      }
    ],
    "keywords": [],
    "homepage_url": 0,
    "download_url": null,
    "size": null,
    "sha1": null,
    "md5": null,
    "sha256": null,
    "sha512": null,
    "bug_tracking_url": null,
    "code_view_url": null,
    "vcs_url": null,
    "copyright": null,
    "declared_license_expression": null,
    "declared_license_expression_spdx": null,
    "license_detections": [],
    "other_license_expression": null,
    "other_license_expression_spdx": null,
    "other_license_detections": [],
    "extracted_license_statement": null,
    "notice_text": null,
    "source_packages": [],
    "file_references": [
      {
        "path": "MsiExec.exe /I{843C07B6-040E-4E83-B244-5383247D70AB}",
        "size": 0,
        "sha1": null,
        "md5": null,
        "sha256": null,
        "sha512": null,
        "extra_data": {}
      }
    ],
    "extra_data": {},
    "dependencies": [],
    "repository_homepage_url": null,
    "repository_download_url": null,
    "api_data_url": null,
    "datasource_id": "win_reg_installed_programs_docker_file_software",
    "holder": null,
    "purl": "pkg:windows-program/Python%203.9.5%20Executables%20%2864-bit%29@3.9.5150.0"
  },
  {
    "type": "windows-program",
    "namespace": null,
    "name": "Python 3.9.5 Development Libraries (64-bit)",
    "version": "3.9.5150.0",
    "qualifiers": {},
    "subpath": null,
    "primary_language": null,
    "description": null,
    "release_date": null,
    "parties": [
      {
        "type": "organization",
        "role": "publisher",
        "name": "Python Software Foundation",
        "email": null,
        "url": null
      }
    ],
    "keywords": [],
    "homepage_url": 0,
    "download_url": null,
    "size": null,
    "sha1": null,
    "md5": null,
    "sha256": null,
    "sha512": null,
    "bug_tracking_url": null,
    "code_view_url": null,
    "vcs_url": null,
    "copyright": null,
    "declared_license_expression": null,
    "declared_license_expression_spdx": null,
    "license_detections": [],
    "other_license_expression": null,
    "other_license_expression_spdx": null,
    "other_license_detections": [],
    "extracted_license_statement": null,
    "notice_text": null,
    "source_packages": [],
    "file_references": [
      {
        "path": "MsiExec.exe /I{AEE58901-97A1-422A-B964-4FD9BF3327B8}",
        "size": 0,
        "sha1": null,
        "md5": null,
        "sha256": null,
        "sha512": null,
        "extra_data": {}
      }
    ],
    "extra_data": {},
    "dependencies": [],
    "repository_homepage_url": null,
    "repository_download_url": null,
    "api_data_url": null,
    "datasource_id": "win_reg_installed_programs_docker_file_software",
    "holder": null,
    "purl": "pkg:windows-program/Python%203.9.5%20Development%20Libraries%20%2864-bit%29@3.9.5150.0"
  },
  {
    "type": "windows-program",
    "namespace": null,
    "name": "Python 3.9.5 Standard Library (64-bit)",
    "version": "3.9.5150.0",
    "qualifiers": {},
    "subpath": null,
    "primary_language": null,
    "description": null,
    "release_date": null,
    "parties": [
      {
        "type": "organization",
        "role": "publisher",
        "name": "Python Software Foundation",
        "email": null,
        "url": null
      }
    ],
    "keywords": [],
    "homepage_url": 0,
    "download_url": null,
    "size": null,
    "sha1": null,
    "md5": null,
    "sha256": null,
    "sha512": null,
    "bug_tracking_url": null,
    "code_view_url": null,
    "vcs_url": null,
    "copyright": null,
    "declared_license_expression": null,
    "declared_license_expression_spdx": null,
    "license_detections": [],
    "other_license_expression": null,
    "other_license_expression_spdx": null,
    "other_license_detections": [],
    "extracted_license_statement": null,
    "notice_text": null,
    "source_packages": [],
    "file_references": [
      {
        "path": "MsiExec.exe /I{F4DC18F4-6323-4BE8-A322-38268831BC24}",
        "size": 0,
        "sha1": null,
        "md5": null,
        "sha256": null,
        "sha512": null,
        "extra_data": {}
      }
    ],
    "extra_data": {},
    "dependencies": [],
    "repository_homepage_url": null,
    "repository_download_url": null,
    "api_data_url": null,
    "datasource_id": "win_reg_installed_programs_docker_file_software",
    "holder": null,
    "purl": "pkg:windows-program/Python%203.9.5%20Standard%20Library%20%2864-bit%29@3.9.5150.0"
  },
  {
    "type": "windows-program",
    "namespace": null,
    "name": "Python 3.9.5 Core Interpreter (64-bit)",
    "version": "3.9.5150.0",
    "qualifiers": {},
    "subpath": null,
    "primary_language": null,
    "description": null,
    "release_date": null,
    "parties": [
      {
        "type": "organization",
        "role": "publisher",
        "name": "Python Software Foundation",
        "email": null,
        "url": null
      }
    ],
    "keywords": [],
    "homepage_url": 0,
    "download_url": null,
    "size": null,
    "sha1": null,
    "md5": null,
    "sha256": null,
    "sha512": null,
    "bug_tracking_url": null,
    "code_view_url": null,
    "vcs_url": null,
    "copyright": null,
    "declared_license_expression": null,
    "declared_license_expression_spdx": null,
    "license_detections": [],
    "other_license_expression": null,
    "other_license_expression_spdx": null,
    "other_license_detections": [],
    "extracted_license_statement": null,
    "notice_text": null,
    "source_packages": [],
    "file_references": [
      {
        "path": "MsiExec.exe /I{FBB6299D-CB58-4177-B6A0-63BFB1C8C3AE}",
        "size": 0,
        "sha1": null,
        "md5": null,
        "sha256": null,
        "sha512": null,
        "extra_data": {}
      }
    ],
    "extra_data": {},
    "dependencies": [],
    "repository_homepage_url": null,
    "repository_download_url": null,
    "api_data_url": null,
    "datasource_id": "win_reg_installed_programs_docker_file_software",
    "holder": null,
    "purl": "pkg:windows-program/Python%203.9.5%20Core%20Interpreter%20%2864-bit%29@3.9.5150.0"
  },
  {
    "type": "windows-program",
    "namespace": null,
    "name": null,
    "version": null,
    "qualifiers": {},
    "subpath": null,
    "primary_language": null,
    "description": null,
    "release_date": null,
    "parties": [],
    "keywords": [],
    "homepage_url": null,
    "download_url": null,
    "size": null,
    "sha1": null,
    "md5": null,
    "sha256": null,
    "sha512": null,
    "bug_tracking_url": null,
    "code_view_url": null,
    "vcs_url": null,
    "copyright": null,
    "declared_license_expression": null,
    "declared_license_expression_spdx": null,
    "license_detections": [],
    "other_license_expression": null,
    "other_license_expression_spdx": null,
    "other_license_detections": [],
    "extracted_license_statement": null,
    "notice_text": null,
    "source_packages": [],
    "file_references": [],
    "extra_data": {},
    "dependencies": [],
    "repository_homepage_url": null,
    "repository_download_url": null,
    "api_data_url": null,
    "datasource_id": "win_reg_installed_programs_docker_file_software",
    "holder": null,
    "purl": null
  }
]