[
  {
    "type": "windows-program",
    "namespace": null,
    "name": "microsoft-dot-net-framework",
    "version": "4.8.04084",
    "qualifiers": {},
    "subpath": null,
    "primary_language": null,
    "description": null,
    "release_date": null,
    "parties": [],
    "keywords": [],
    "homepage_url": null,
    "download_url": null,
    "size": null,
    "sha1": null,
    "md5": null,
    "sha256": null,
    "sha512": null,
    "bug_tracking_url": null,
    "code_view_url": null,
    "vcs_url": null,
    "copyright": null,
    "declared_license_expression": null,
    "declared_license_expression_spdx": null,
    "license_detections": [],
    "other_license_expression": null,
    "other_license_expression_spdx": null,
    "other_license_detections": [],
    "extracted_license_statement": null,
    "notice_text": null,
    "source_packages": [],
    "file_references": [
      {
        "path": "C:\\Windows\\Microsoft.NET\\Framework64\\v4.0.30319\\",
        "size": 0,
        "sha1": null,
        "md5": null,
        "sha256": null,
        "sha512": null,
        "extra_data": {}
      }
    ],
    "extra_data": {},
    "dependencies": [],
    "repository_homepage_url": null,
    "repository_download_url": null,
    "api_data_url": null,
    "datasource_id": "win_reg_installed_programs_docker_file_software",
    "holder": null,
    "purl": "pkg:windows-program/microsoft-dot-net-framework@4.8.04084"
  }
]