{
  "type": "freebsd",
  "namespace": null,
  "name": "rubygem-facets",
  "version": "3.1.0",
  "qualifiers": "arch=freebsd:10:%2A&origin=devel/rubygem-facets",
  "subpath": null,
  "primary_language": null,
  "code_type": null,
  "description": "Facets is a large collection of core extension methods and module\nadditions for the Ruby programming language. The core extensions\nare unique by virtue of their atomicity. Methods are stored in their\nown files, allowing for highly granular control of requirements.\nThe modules include a variety of useful classes, mixins and\nmicroframeworks, from the Functor to a full-blown SI Units system.\n\nWWW: http://rubyworks.github.io/facets/",
  "size": null,
  "release_date": null,
  "parties": [
    {
      "type": "person",
      "role": "maintainer",
      "name": null,
      "email": "ruby@FreeBSD.org",
      "url": null
    }
  ],
  "keywords": [
    "devel",
    "rubygems"
  ],
  "homepage_url": "http://rubyworks.github.io/facets/",
  "download_url": "https://pkg.freebsd.org/freebsd:10:*/latest/All/rubygem-facets-3.1.0.txz",
  "download_sha1": null,
  "download_md5": null,
  "download_sha256": null,
  "download_sha512": null,
  "bug_tracking_url": null,
  "code_view_url": "https://svnweb.freebsd.org/ports/head/devel/rubygem-facets",
  "vcs_tool": null,
  "vcs_repository": null,
  "vcs_revision": null,
  "copyright": null,
  "normalized_license": null,
  "declared_license": "RUBY OR GPLv2",
  "notice_text": null,
  "manifest_path": null,
  "dependencies": [],
  "source_packages": [],
  "purl": "pkg:freebsd/rubygem-facets@3.1.0?arch=freebsd:10:%2A&origin=devel/rubygem-facets",
  "repository_homepage_url": null,
  "repository_download_url": null,
  "api_data_url": null
}