{
  "type": "nuget",
  "namespace": null,
  "name": "Microsoft.Net.Http",
  "version": "2.2.29",
  "qualifiers": null,
  "subpath": null,
  "primary_language": null,
  "code_type": null,
  "description": "Microsoft HTTP Client Libraries\nThis package includes HttpClient for sending requests over HTTP, as well as HttpRequestMessage and HttpResponseMessage for processing HTTP messages.\n\nThis package is not supported in Visual Studio 2010, and is only required for projects targeting .NET Framework 4.5, Windows 8, or Windows Phone 8.1 when consuming a library that uses this package.\n\nSupported Platforms:\n- .NET Framework 4\n- Windows 8\n- Windows Phone 8.1\n- Windows Phone Silverlight 7.5\n- Silverlight 4\n- Portable Class Libraries",
  "size": null,
  "release_date": null,
  "parties": [
    {
      "type": null,
      "role": "author",
      "name": "Microsoft",
      "email": null,
      "url": null
    },
    {
      "type": null,
      "role": "owner",
      "name": "Microsoft",
      "email": null,
      "url": null
    }
  ],
  "keywords": [],
  "homepage_url": "http://go.microsoft.com/fwlink/?LinkID=280055",
  "download_url": null,
  "download_sha1": null,
  "download_md5": null,
  "download_sha256": null,
  "download_sha512": null,
  "bug_tracking_url": null,
  "code_view_url": null,
  "vcs_tool": null,
  "vcs_repository": null,
  "vcs_revision": null,
  "copyright": "Copyright \u00a9 Microsoft Corporation",
  "license_expression": null,
  "declared_licensing": "http://go.microsoft.com/fwlink/?LinkId=329770",
  "notice_text": null,
  "manifest_path": null,
  "dependencies": [],
  "source_packages": [],
  "purl": "pkg:nuget/Microsoft.Net.Http@2.2.29",
  "repository_homepage_url": "https://www.nuget.org/packages/Microsoft.Net.Http/2.2.29",
  "repository_download_url": "https://www.nuget.org/api/v2/package/Microsoft.Net.Http/2.2.29",
  "api_data_url": "https://www.nuget.org/api/v2/package/Microsoft.Net.Http/2.2.29"
}