[
  [
    "udhcp-0.9.8/debug.h.orig", 
    "udhcp-0.9.8/debug.h", 
    [
      "--- udhcp-0.9.8/debug.h.orig", 
      "+++ udhcp-0.9.8/debug.h", 
      "@@ -16,16 +16,16 @@", 
      "# define OPEN_LOG(name) openlog(name, 0, 0)", 
      "#define CLOSE_LOG() closelog()", 
      "#else", 
      "-# define LOG_EMERG\t\"EMERGENCY!\"", 
      "-# define LOG_ALERT\t\"ALERT!\"", 
      "-# define LOG_CRIT\t\"critical!\"", 
      "-# define LOG_WARNING\t\"warning\"", 
      "-# define LOG_ERR\t\"error\"", 
      "-# define LOG_INFO\t\"info\"", 
      "-# define LOG_DEBUG\t\"debug\"", 
      "-# define LOG(level, str, args...) do { printf(\"%s, \", level); \\", 
      "-\t\t\t\tprintf(str, ## args); \\", 
      "-\t\t\t\tprintf(\"\\n\"); } while(0)", 
      "+# define LOG_EMERG\t\"<F>\"", 
      "+# define LOG_ALERT\t\"<E>\"", 
      "+# define LOG_CRIT\t\"<F>\"", 
      "+# define LOG_WARNING\t\"<W>\"", 
      "+# define LOG_ERR\t\"<E>\"", 
      "+# define LOG_INFO\t\"<N>\"", 
      "+# define LOG_DEBUG\t\"<D>\"", 
      "+# define LOG(level, str, args...) do { fprintf(stderr, \"%sudhcp: \", level); \\", 
      "+\t\t\t\tfprintf(stderr, str, ## args); \\", 
      "+\t\t\t\tfprintf(stderr, \"\\n\"); } while(0)", 
      "# define OPEN_LOG(name) do {;} while(0)", 
      "#define CLOSE_LOG() do {;} while(0)", 
      "#endif"
    ]
  ]
]