[
  [
    "udhcp-0.9.8.orig/dhcpd.h", 
    "udhcp-0.9.8/dhcpd.h", 
    [
      "--- udhcp-0.9.8.orig/dhcpd.h", 
      "+++ udhcp-0.9.8/dhcpd.h", 
      "@@ -48,6 +48,7 @@", 
      "#define DHCP_MTU\t\t0x1a", 
      "#define DHCP_BROADCAST\t\t0x1c", 
      "#define DHCP_NTP_SERVER\t\t0x2a", 
      "+#define DHCP_VENDOR_INFORMATION 0x2b", 
      "#define DHCP_WINS_SERVER\t0x2c", 
      "#define DHCP_REQUESTED_IP\t0x32", 
      "#define DHCP_LEASE_TIME\t\t0x33", 
      "@@ -61,6 +62,9 @@", 
      "#define DHCP_T2\t\t\t0x3b", 
      "#define DHCP_VENDOR\t\t0x3c", 
      "#define DHCP_CLIENT_ID\t\t0x3d", 
      "+#define DHCP_NISPLUS_DOMAIN  0x40", 
      "+#define DHCP_USER_CLASS_ID\t0x4d", 
      "+#define DHCP_VENDOR_SPECIFIC 0x7d", 
      "", 
      "#define DHCP_END\t\t0xFF", 
      "", 
      "@@ -79,6 +83,7 @@", 
      "#define DHCPNAK\t\t\t6", 
      "#define DHCPRELEASE\t\t7", 
      "#define DHCPINFORM\t\t8", 
      "+#define DHCPFORCERENEW          9", 
      "", 
      "#define BROADCAST_FLAG\t\t0x8000", 
      ""
    ]
  ]
]