[('udhcp-0.9.8.orig/dhcpd.h',
  'udhcp-0.9.8/dhcpd.h',
  '--- udhcp-0.9.8.orig/dhcpd.h\n+++ udhcp-0.9.8/dhcpd.h\n@@ -48,6 +48,7 @@\n#define DHCP_MTU\t\t0x1a\n#define DHCP_BROADCAST\t\t0x1c\n#define DHCP_NTP_SERVER\t\t0x2a\n+#define DHCP_VENDOR_INFORMATION 0x2b\n#define DHCP_WINS_SERVER\t0x2c\n#define DHCP_REQUESTED_IP\t0x32\n#define DHCP_LEASE_TIME\t\t0x33\n@@ -61,6 +62,9 @@\n#define DHCP_T2\t\t\t0x3b\n#define DHCP_VENDOR\t\t0x3c\n#define DHCP_CLIENT_ID\t\t0x3d\n+#define DHCP_NISPLUS_DOMAIN  0x40\n+#define DHCP_USER_CLASS_ID\t0x4d\n+#define DHCP_VENDOR_SPECIFIC 0x7d\n\n#define DHCP_END\t\t0xFF\n\n@@ -79,6 +83,7 @@\n#define DHCPNAK\t\t\t6\n#define DHCPRELEASE\t\t7\n#define DHCPINFORM\t\t8\n+#define DHCPFORCERENEW          9\n\n#define BROADCAST_FLAG\t\t0x8000\n')]