{
  "type": "npm",
  "namespace": null,
  "name": "exif",
  "version": "0.6.0",
  "qualifiers": null,
  "subpath": null,
  "primary_language": "JavaScript",
  "code_type": null,
  "description": "A node.js library to extract Exif metadata from images.",
  "size": null,
  "release_date": null,
  "parties": [
    {
      "type": "person",
      "role": "author",
      "name": "Daniel Leinich",
      "email": "leinich@gmx.net",
      "url": null
    },
    {
      "type": "person",
      "role": "author",
      "name": "Olivier Oeuillot",
      "email": "olivier.oeuillot@gmail.com",
      "url": null
    }
  ],
  "keywords": [
    "exif",
    "image",
    "jpeg",
    "jpg",
    "makernotes",
    "gps"
  ],
  "homepage_url": null,
  "download_url": "https://registry.npmjs.org/exif/-/exif-0.6.0.tgz",
  "download_sha1": null,
  "download_md5": null,
  "download_sha256": null,
  "download_sha512": null,
  "bug_tracking_url": null,
  "code_view_url": null,
  "vcs_tool": "git",
  "vcs_repository": "http://github.com/gomfunkel/node-exif.git",
  "vcs_revision": null,
  "copyright": null,
  "normalized_license": null,
  "declared_license": null,
  "notice_text": null,
  "manifest_path": null,
  "dependencies": [
    {
      "purl": "pkg:npm/debug",
      "requirement": "^2.2",
      "scope": "dependencies",
      "is_runtime": true,
      "is_optional": false,
      "is_resolved": false
    },
    {
      "purl": "pkg:npm/mocha",
      "requirement": "^2.4",
      "scope": "devDependencies",
      "is_runtime": false,
      "is_optional": true,
      "is_resolved": false
    }
  ],
  "source_packages": [],
  "purl": "pkg:npm/exif@0.6.0",
  "repository_homepage_url": "https://www.npmjs.com/package/exif",
  "repository_download_url": "https://registry.npmjs.org/exif/-/exif-0.6.0.tgz",
  "api_data_url": "https://registry.npmjs.org/exif/0.6.0"
}