[
  [
    "jpeg-6b/configure", 
    "jpeg-6b/configure.cross", 
    [
      "--- jpeg-6b/configure", 
      "+++ jpeg-6b/configure.cross", 
      "@@ -1559,7 +1559,7 @@", 
      "if test \"x$LTSTATIC\" = xno; then", 
      "disable_static=\"--disable-static\"", 
      "fi", 
      "-  $srcdir/ltconfig $disable_shared $disable_static $srcdir/ltmain.sh", 
      "+  $srcdir/ltconfig $disable_shared $disable_static $srcdir/ltmain.sh $host", 
      "fi", 
      "", 
      "# Select memory manager depending on user input."
    ]
  ]
]