[('eva/BUILD.orig',
  'eva/BUILD',
  '--- eva/BUILD.orig\n+++ eva/BUILD\n@@ -32,6 +32,7 @@\n$(SRCDIR)/vqec_upcall_event.c\t\\\n$(SRCDIR)/vqec_nat_natproto.c\t\t\\\n$(SRCDIR)/vqec_cli_interface.c            \\\n+        $(SRCDIR)/vqec_wv.c            \\\n\nifeq ($(HAVE_FCC), 1)\nVQEC_SRC += $(SRCDIR)/vqec_ifclient_fcc.c')]