{
  "type": "chef",
  "namespace": null,
  "name": "test",
  "version": "0.01",
  "qualifiers": null,
  "subpath": null,
  "primary_language": "Ruby",
  "description": "test package",
  "release_date": null,
  "parties": [],
  "keywords": [],
  "homepage_url": null,
  "download_url": "https://supermarket.chef.io/cookbooks/test/versions/0.01/download",
  "size": null,
  "sha1": null,
  "md5": null,
  "sha256": null,
  "sha512": null,
  "bug_tracking_url": "example.com/issues",
  "code_view_url": "example.com",
  "vcs_url": null,
  "copyright": null,
  "license_expression": "public-domain",
  "declared_license": "public-domain",
  "notice_text": null,
  "manifest_path": null,
  "dependencies": [],
  "contains_source_code": null,
  "source_packages": [],
  "purl": "pkg:chef/test@0.01",
  "repository_homepage_url": null,
  "repository_download_url": "https://supermarket.chef.io/cookbooks/test/versions/0.01/download",
  "api_data_url": "https://supermarket.chef.io/api/v1/cookbooks/test/versions/0.01"
}