[
  {
    "type": "npm",
    "namespace": null,
    "name": "bson",
    "version": null,
    "qualifiers": {},
    "subpath": null,
    "primary_language": "JavaScript",
    "description": "A bson parser for node.js and the browser",
    "release_date": null,
    "parties": [],
    "keywords": [],
    "homepage_url": null,
    "download_url": null,
    "size": null,
    "sha1": null,
    "md5": null,
    "sha256": null,
    "sha512": null,
    "bug_tracking_url": null,
    "code_view_url": null,
    "vcs_url": null,
    "copyright": null,
    "license_expression": "apache-2.0",
    "declared_license": [
      {
        "type": "Apache License, Version 2.0",
        "url": "http://www.apache.org/licenses/LICENSE-2.0"
      }
    ],
    "notice_text": null,
    "source_packages": [],
    "file_references": [],
    "extra_data": {},
    "dependencies": [],
    "repository_homepage_url": "https://www.npmjs.com/package/bson",
    "repository_download_url": null,
    "api_data_url": "https://registry.npmjs.org/bson",
    "datasource_id": "npm_package_json",
    "purl": "pkg:npm/bson"
  }
]