[
  {
    "type": "readme",
    "namespace": null,
    "name": "setuptools",
    "version": "18.5",
    "qualifiers": {},
    "subpath": null,
    "primary_language": null,
    "description": null,
    "release_date": null,
    "parties": [],
    "keywords": [],
    "homepage_url": "https://pypi.python.org/packages/source/s/setuptools/setuptools-18.5.tar.gz#md5=533c868f01169a3085177dffe5e768bb",
    "download_url": null,
    "size": null,
    "sha1": null,
    "md5": null,
    "sha256": null,
    "sha512": null,
    "bug_tracking_url": null,
    "code_view_url": null,
    "vcs_url": null,
    "copyright": null,
    "holder": null,
    "declared_license_expression": "unknown",
    "declared_license_expression_spdx": "LicenseRef-scancode-unknown",
    "license_detections": [
      {
        "license_expression": "unknown",
        "matches": [
          {
            "score": 100.0,
            "start_line": 1,
            "end_line": 1,
            "matched_length": 4,
            "match_coverage": 100.0,
            "matcher": "5-undetected",
            "license_expression": "unknown",
            "rule_identifier": "package-manifest-unknown-4e63c2896b2b2bc5235eb55ed408f87187ffe1b3",
            "rule_relevance": 100,
            "rule_url": "https://github.com/nexB/scancode-toolkit/tree/develop/src/licensedcode/data/rules/package-manifest-unknown-4e63c2896b2b2bc5235eb55ed408f87187ffe1b3",
            "matched_text": "license PSF or ZPL"
          }
        ],
        "identifier": "unknown-364d74cd-491d-30d4-9e8b-0741ac1ab535"
      }
    ],
    "other_license_expression": null,
    "other_license_expression_spdx": null,
    "other_license_detections": [],
    "extracted_license_statement": "PSF or ZPL",
    "notice_text": null,
    "source_packages": [],
    "file_references": [],
    "extra_data": {},
    "dependencies": [],
    "repository_homepage_url": null,
    "repository_download_url": null,
    "api_data_url": null,
    "datasource_id": "readme",
    "purl": "pkg:readme/setuptools@18.5"
  }
]