[
  {
    "type": "freebsd",
    "namespace": null,
    "name": "rubygem-ttfunk",
    "version": "1.5.1",
    "qualifiers": {
      "arch": "freebsd:10:*",
      "origin": "print/rubygem-ttfunk"
    },
    "subpath": null,
    "primary_language": null,
    "description": "Font Metrics Parser for Prawn\n\nWWW: https://github.com/prawnpdf/ttfunk",
    "release_date": null,
    "parties": [
      {
        "type": "person",
        "role": "maintainer",
        "name": null,
        "email": "ruby@FreeBSD.org",
        "url": null
      }
    ],
    "keywords": [
      "print",
      "rubygems"
    ],
    "homepage_url": "https://github.com/prawnpdf/ttfunk",
    "download_url": "https://pkg.freebsd.org/freebsd:10:*/latest/All/rubygem-ttfunk-1.5.1.txz",
    "size": null,
    "sha1": null,
    "md5": null,
    "sha256": null,
    "sha512": null,
    "bug_tracking_url": null,
    "code_view_url": "https://svnweb.freebsd.org/ports/head/print/rubygem-ttfunk",
    "vcs_url": null,
    "copyright": null,
    "license_expression": "gpl-3.0 OR ruby OR gpl-2.0",
    "declared_license": {
      "licenses": [
        "GPLv3",
        "RUBY",
        "GPLv2"
      ],
      "licenselogic": "or"
    },
    "notice_text": null,
    "source_packages": [],
    "file_references": [],
    "extra_data": {},
    "dependencies": [],
    "repository_homepage_url": null,
    "repository_download_url": null,
    "api_data_url": null,
    "datasource_id": "freebsd_compact_manifest",
    "purl": "pkg:freebsd/rubygem-ttfunk@1.5.1?arch=freebsd:10:%2A&origin=print/rubygem-ttfunk"
  }
]