{
  "type": "npm",
  "name": "cookie-signature",
  "version": "1.0.3",
  "primary_language": "JavaScript",
  "packaging": null,
  "description": null,
  "payload_type": null,
  "size": null,
  "release_date": null,
  "parties": [
    {
      "type": "person",
      "role": "author",
      "name": "TJ Holowaychuk",
      "email": "tj@learnboost.com",
      "url": null
    }
  ],
  "keywords": [
    "cookie",
    "sign",
    "unsign"
  ],
  "homepage_url": null,
  "download_url": "https://registry.npmjs.org/cookie-signature/-/cookie-signature-1.0.3.tgz",
  "download_sha1": null,
  "download_sha256": null,
  "download_md5": null,
  "bug_tracking_url": "https://github.com/visionmedia/node-cookie-signature/issues",
  "code_view_url": null,
  "vcs_tool": "git",
  "vcs_repository": "https://github.com/visionmedia/node-cookie-signature.git",
  "vcs_revision": null,
  "copyright": null,
  "asserted_license": null,
  "license_expression": null,
  "notice_text": null,
  "dependencies": {
    "development": [
      {
        "type": null,
        "name": "mocha",
        "version": "*"
      },
      {
        "type": null,
        "name": "should",
        "version": "*"
      }
    ]
  },
  "related_packages": []
}