{
  "type": "npm",
  "name": "cookie-signature",
  "version": "1.0.3",
  "primary_language": "JavaScript",
  "packaging": null,
  "summary": "Sign and unsign cookies",
  "description": null,
  "payload_type": null,
  "size": null,
  "release_date": null,
  "authors": [
    {
      "type": "person",
      "name": "TJ Holowaychuk",
      "email": "tj@learnboost.com",
      "url": null
    }
  ],
  "maintainers": [],
  "contributors": [],
  "owners": [],
  "packagers": [],
  "distributors": [],
  "vendors": [],
  "keywords": [
    "cookie",
    "sign",
    "unsign"
  ],
  "keywords_doc_url": null,
  "homepage_url": null,
  "download_urls": [
    "https://registry.npmjs.org/cookie-signature/-/cookie-signature-1.0.3.tgz"
  ],
  "download_sha1": null,
  "download_sha256": null,
  "download_md5": null,
  "bug_tracking_url": "https://github.com/visionmedia/node-cookie-signature/issues",
  "support_contacts": [],
  "code_view_url": null,
  "vcs_tool": "git",
  "vcs_repository": "https://github.com/visionmedia/node-cookie-signature.git",
  "vcs_revision": null,
  "copyrights": [],
  "asserted_license": null,
  "legal_file_locations": [],
  "license_expression": null,
  "license_texts": [],
  "notice_text": null,
  "dependencies": {
    "development": [
      {
        "name": "mocha",
        "version": "*"
      },
      {
        "name": "should",
        "version": "*"
      }
    ]
  },
  "related_packages": []
}