[('MediaInfoLib-0.7.43.orig/Project/GNU/Library/libmediainfo-config.in',
  'MediaInfoLib-0.7.43/Project/GNU/Library/libmediainfo-config.in',
  'diff -Naur MediaInfoLib-0.7.43.orig/Project/GNU/Library/libmediainfo-config.in MediaInfoLib-0.7.43/Project/GNU/Library/libmediainfo-config.in\n--- MediaInfoLib-0.7.43.orig/Project/GNU/Library/libmediainfo-config.in\n+++ MediaInfoLib-0.7.43/Project/GNU/Library/libmediainfo-config.in\n@@ -1,14 +1,15 @@\n+#!/bin/sh\nif test "$1" = "CXXFLAGS"; then\n-echo @MediaInfoLib_CXXFLAGS@\n+/usr/bin/pkg-config --cflags libmediainfo\nfi\nif test "$1" = "LIBS"; then\n-echo @MediaInfoLib_LIBS@\n+/usr/bin/pkg-config --libs libmediainfo\nfi\nif test "$1" = "LIBS_Static"; then\n-echo @MediaInfoLib_LIBS_Static@\n+/usr/bin/pkg-config --variable=Libs_Static libmediainfo\nfi\nif test "$1" = "Unicode"; then\n-echo @MediaInfoLib_Unicode@\n+/usr/bin/pkg-config --variable=Unicode libmediainfo\nfi\nif test "$1" = "Exists"; then\necho yes')]