[
  [
    "xvidcap-1.1.7-orig/src/capture.c", 
    "xvidcap-1.1.7/src/capture.c", 
    [
      "diff -Nur xvidcap-1.1.7-orig/src/capture.c xvidcap-1.1.7/src/capture.c", 
      "--- xvidcap-1.1.7-orig/src/capture.c", 
      "+++ xvidcap-1.1.7/src/capture.c", 
      "@@ -65,7 +65,7 @@", 
      "#include <sys/ipc.h>", 
      "#include <sys/shm.h>", 
      "#include <X11/extensions/XShm.h>", 
      "-#include <X11/extensions/shmstr.h>", 
      "+#include <X11/extensions/shmproto.h>", 
      "#ifndef SOLARIS", 
      "#include <X11/extensions/extutil.h>", 
      "#endif     // SOLARIS"
    ]
  ]
]