{
  "type": "composer",
  "namespace": "jandreasn",
  "name": "a-timer",
  "version": null,
  "qualifiers": null,
  "path": null,
  "primary_language": "PHP",
  "code_type": null,
  "description": null,
  "size": null,
  "release_date": null,
  "parties": [
    {
      "type": "person",
      "role": null,
      "name": "Andreas Nilsson",
      "email": null,
      "url": null
    },
    {
      "type": null,
      "role": "vendor",
      "name": "jandreasn",
      "email": null,
      "url": null
    }
  ],
  "keywords": [
    "timer",
    "timing",
    "benchmark"
  ],
  "homepage_url": "http://github.com/jandreasn/a-timer",
  "download_url": null,
  "download_checksums": [],
  "bug_tracking_url": null,
  "code_view_url": null,
  "vcs_tool": null,
  "vcs_repository": null,
  "vcs_revision": null,
  "copyright": null,
  "license_expression": null,
  "asserted_license": "MIT",
  "notice_text": null,
  "dependencies": [
    {
      "identifier": "composer:php",
      "requirement": ">=5.6.0",
      "scope": "require",
      "is_runtime": true,
      "is_optional": false,
      "is_resolved": false
    },
    {
      "identifier": "composer:phpunit/phpunit",
      "requirement": "^5.6",
      "scope": "require-dev",
      "is_runtime": false,
      "is_optional": true,
      "is_resolved": false
    },
    {
      "identifier": "composer:squizlabs/php_codesniffer",
      "requirement": "^2.7",
      "scope": "require-dev",
      "is_runtime": false,
      "is_optional": true,
      "is_resolved": false
    }
  ],
  "related_packages": []
}