[
  {
    "type": "npm",
    "namespace": null,
    "name": "sequelize",
    "version": "3.30.2",
    "qualifiers": {},
    "subpath": null,
    "primary_language": "JavaScript",
    "description": "Multi dialect ORM for Node.JS/io.js",
    "release_date": null,
    "parties": [
      {
        "type": "person",
        "role": "author",
        "name": "Sascha Depold",
        "email": "sascha@depold.com",
        "url": null
      },
      {
        "type": "person",
        "role": "contributor",
        "name": "Sascha Depold",
        "email": "sascha@depold.com",
        "url": null
      },
      {
        "type": "person",
        "role": "contributor",
        "name": "Jan Aagaard Meier",
        "email": "janzeh@gmail.com\njmei@itu.dk",
        "url": null
      },
      {
        "type": "person",
        "role": "contributor",
        "name": "Daniel Durante",
        "email": "me@danieldurante.com",
        "url": null
      },
      {
        "type": "person",
        "role": "contributor",
        "name": "Mick Hansen",
        "email": "mick.kasper.hansen@gmail.com",
        "url": null
      }
    ],
    "keywords": [
      "mysql",
      "sqlite",
      "postgresql",
      "postgres",
      "mssql",
      "orm",
      "nodejs",
      "object relational mapper"
    ],
    "homepage_url": null,
    "download_url": "https://registry.npmjs.org/sequelize/-/sequelize-3.30.2.tgz",
    "size": null,
    "sha1": null,
    "md5": null,
    "sha256": null,
    "sha512": null,
    "bug_tracking_url": "https://github.com/sequelize/sequelize/issues",
    "code_view_url": null,
    "vcs_url": "git+https://github.com/sequelize/sequelize.git",
    "copyright": null,
    "holder": null,
    "declared_license_expression": "mit",
    "declared_license_expression_spdx": "MIT",
    "license_detections": [
      {
        "license_expression": "mit",
        "matches": [
          {
            "score": 100.0,
            "start_line": 1,
            "end_line": 1,
            "matched_length": 1,
            "match_coverage": 100.0,
            "matcher": "1-spdx-id",
            "license_expression": "mit",
            "rule_identifier": "spdx-license-identifier-mit-5da48780aba670b0860c46d899ed42a0f243ff06",
            "rule_relevance": 100,
            "rule_url": null,
            "matched_text": "MIT"
          }
        ],
        "identifier": "mit-a822f434-d61f-f2b1-c792-8b8cb9e7b9bf"
      }
    ],
    "other_license_expression": null,
    "other_license_expression_spdx": null,
    "other_license_detections": [],
    "extracted_license_statement": "- MIT\n",
    "notice_text": null,
    "source_packages": [],
    "file_references": [],
    "extra_data": {},
    "dependencies": [
      {
        "purl": "pkg:npm/bluebird",
        "extracted_requirement": "^3.3.4",
        "scope": "dependencies",
        "is_runtime": true,
        "is_optional": false,
        "is_resolved": false,
        "resolved_package": {},
        "extra_data": {}
      },
      {
        "purl": "pkg:npm/depd",
        "extracted_requirement": "^1.1.0",
        "scope": "dependencies",
        "is_runtime": true,
        "is_optional": false,
        "is_resolved": false,
        "resolved_package": {},
        "extra_data": {}
      },
      {
        "purl": "pkg:npm/dottie",
        "extracted_requirement": "^1.0.0",
        "scope": "dependencies",
        "is_runtime": true,
        "is_optional": false,
        "is_resolved": false,
        "resolved_package": {},
        "extra_data": {}
      },
      {
        "purl": "pkg:npm/generic-pool",
        "extracted_requirement": "2.4.2",
        "scope": "dependencies",
        "is_runtime": true,
        "is_optional": false,
        "is_resolved": false,
        "resolved_package": {},
        "extra_data": {}
      },
      {
        "purl": "pkg:npm/inflection",
        "extracted_requirement": "^1.6.0",
        "scope": "dependencies",
        "is_runtime": true,
        "is_optional": false,
        "is_resolved": false,
        "resolved_package": {},
        "extra_data": {}
      },
      {
        "purl": "pkg:npm/lodash",
        "extracted_requirement": "4.12.0",
        "scope": "dependencies",
        "is_runtime": true,
        "is_optional": false,
        "is_resolved": false,
        "resolved_package": {},
        "extra_data": {}
      },
      {
        "purl": "pkg:npm/moment",
        "extracted_requirement": "^2.13.0",
        "scope": "dependencies",
        "is_runtime": true,
        "is_optional": false,
        "is_resolved": false,
        "resolved_package": {},
        "extra_data": {}
      },
      {
        "purl": "pkg:npm/moment-timezone",
        "extracted_requirement": "^0.5.4",
        "scope": "dependencies",
        "is_runtime": true,
        "is_optional": false,
        "is_resolved": false,
        "resolved_package": {},
        "extra_data": {}
      },
      {
        "purl": "pkg:npm/retry-as-promised",
        "extracted_requirement": "^2.0.0",
        "scope": "dependencies",
        "is_runtime": true,
        "is_optional": false,
        "is_resolved": false,
        "resolved_package": {},
        "extra_data": {}
      },
      {
        "purl": "pkg:npm/semver",
        "extracted_requirement": "^5.0.1",
        "scope": "dependencies",
        "is_runtime": true,
        "is_optional": false,
        "is_resolved": false,
        "resolved_package": {},
        "extra_data": {}
      },
      {
        "purl": "pkg:npm/shimmer",
        "extracted_requirement": "1.1.0",
        "scope": "dependencies",
        "is_runtime": true,
        "is_optional": false,
        "is_resolved": false,
        "resolved_package": {},
        "extra_data": {}
      },
      {
        "purl": "pkg:npm/terraformer-wkt-parser",
        "extracted_requirement": "^1.1.0",
        "scope": "dependencies",
        "is_runtime": true,
        "is_optional": false,
        "is_resolved": false,
        "resolved_package": {},
        "extra_data": {}
      },
      {
        "purl": "pkg:npm/toposort-class",
        "extracted_requirement": "^1.0.1",
        "scope": "dependencies",
        "is_runtime": true,
        "is_optional": false,
        "is_resolved": false,
        "resolved_package": {},
        "extra_data": {}
      },
      {
        "purl": "pkg:npm/uuid",
        "extracted_requirement": "^3.0.0",
        "scope": "dependencies",
        "is_runtime": true,
        "is_optional": false,
        "is_resolved": false,
        "resolved_package": {},
        "extra_data": {}
      },
      {
        "purl": "pkg:npm/validator",
        "extracted_requirement": "^5.2.0",
        "scope": "dependencies",
        "is_runtime": true,
        "is_optional": false,
        "is_resolved": false,
        "resolved_package": {},
        "extra_data": {}
      },
      {
        "purl": "pkg:npm/wkx",
        "extracted_requirement": "0.2.0",
        "scope": "dependencies",
        "is_runtime": true,
        "is_optional": false,
        "is_resolved": false,
        "resolved_package": {},
        "extra_data": {}
      },
      {
        "purl": "pkg:npm/chai",
        "extracted_requirement": "^3.5.0",
        "scope": "devDependencies",
        "is_runtime": false,
        "is_optional": true,
        "is_resolved": false,
        "resolved_package": {},
        "extra_data": {}
      },
      {
        "purl": "pkg:npm/chai-as-promised",
        "extracted_requirement": "^5.1.0",
        "scope": "devDependencies",
        "is_runtime": false,
        "is_optional": true,
        "is_resolved": false,
        "resolved_package": {},
        "extra_data": {}
      },
      {
        "purl": "pkg:npm/chai-datetime",
        "extracted_requirement": "^1.4.0",
        "scope": "devDependencies",
        "is_runtime": false,
        "is_optional": true,
        "is_resolved": false,
        "resolved_package": {},
        "extra_data": {}
      },
      {
        "purl": "pkg:npm/chai-spies",
        "extracted_requirement": "^0.7.0",
        "scope": "devDependencies",
        "is_runtime": false,
        "is_optional": true,
        "is_resolved": false,
        "resolved_package": {},
        "extra_data": {}
      },
      {
        "purl": "pkg:npm/commander",
        "extracted_requirement": "^2.6.0",
        "scope": "devDependencies",
        "is_runtime": false,
        "is_optional": true,
        "is_resolved": false,
        "resolved_package": {},
        "extra_data": {}
      },
      {
        "purl": "pkg:npm/continuation-local-storage",
        "extracted_requirement": "^3.1.4",
        "scope": "devDependencies",
        "is_runtime": false,
        "is_optional": true,
        "is_resolved": false,
        "resolved_package": {},
        "extra_data": {}
      },
      {
        "purl": "pkg:npm/cross-env",
        "extracted_requirement": "^2.0.1",
        "scope": "devDependencies",
        "is_runtime": false,
        "is_optional": true,
        "is_resolved": false,
        "resolved_package": {},
        "extra_data": {}
      },
      {
        "purl": "pkg:npm/dox",
        "extracted_requirement": "~0.8.0",
        "scope": "devDependencies",
        "is_runtime": false,
        "is_optional": true,
        "is_resolved": false,
        "resolved_package": {},
        "extra_data": {}
      },
      {
        "purl": "pkg:npm/git",
        "extracted_requirement": "^0.1.5",
        "scope": "devDependencies",
        "is_runtime": false,
        "is_optional": true,
        "is_resolved": false,
        "resolved_package": {},
        "extra_data": {}
      },
      {
        "purl": "pkg:npm/hints",
        "extracted_requirement": "^0.2.0",
        "scope": "devDependencies",
        "is_runtime": false,
        "is_optional": true,
        "is_resolved": false,
        "resolved_package": {},
        "extra_data": {}
      },
      {
        "purl": "pkg:npm/istanbul",
        "extracted_requirement": "^0.4.3",
        "scope": "devDependencies",
        "is_runtime": false,
        "is_optional": true,
        "is_resolved": false,
        "resolved_package": {},
        "extra_data": {}
      },
      {
        "purl": "pkg:npm/jshint",
        "extracted_requirement": "^2.9.2",
        "scope": "devDependencies",
        "is_runtime": false,
        "is_optional": true,
        "is_resolved": false,
        "resolved_package": {},
        "extra_data": {}
      },
      {
        "purl": "pkg:npm/lcov-result-merger",
        "extracted_requirement": "^1.2.0",
        "scope": "devDependencies",
        "is_runtime": false,
        "is_optional": true,
        "is_resolved": false,
        "resolved_package": {},
        "extra_data": {}
      },
      {
        "purl": "pkg:npm/mocha",
        "extracted_requirement": "^2.4.2",
        "scope": "devDependencies",
        "is_runtime": false,
        "is_optional": true,
        "is_resolved": false,
        "resolved_package": {},
        "extra_data": {}
      },
      {
        "purl": "pkg:npm/mysql",
        "extracted_requirement": "~2.10.1",
        "scope": "devDependencies",
        "is_runtime": false,
        "is_optional": true,
        "is_resolved": false,
        "resolved_package": {},
        "extra_data": {}
      },
      {
        "purl": "pkg:npm/pg",
        "extracted_requirement": "^4.4.6",
        "scope": "devDependencies",
        "is_runtime": false,
        "is_optional": true,
        "is_resolved": false,
        "resolved_package": {},
        "extra_data": {}
      },
      {
        "purl": "pkg:npm/pg-hstore",
        "extracted_requirement": "^2.3.1",
        "scope": "devDependencies",
        "is_runtime": false,
        "is_optional": true,
        "is_resolved": false,
        "resolved_package": {},
        "extra_data": {}
      },
      {
        "purl": "pkg:npm/pg-native",
        "extracted_requirement": "^1.8.0",
        "scope": "devDependencies",
        "is_runtime": false,
        "is_optional": true,
        "is_resolved": false,
        "resolved_package": {},
        "extra_data": {}
      },
      {
        "purl": "pkg:npm/pg-types",
        "extracted_requirement": "^1.11.0",
        "scope": "devDependencies",
        "is_runtime": false,
        "is_optional": true,
        "is_resolved": false,
        "resolved_package": {},
        "extra_data": {}
      },
      {
        "purl": "pkg:npm/rimraf",
        "extracted_requirement": "^2.5.4",
        "scope": "devDependencies",
        "is_runtime": false,
        "is_optional": true,
        "is_resolved": false,
        "resolved_package": {},
        "extra_data": {}
      },
      {
        "purl": "pkg:npm/sinon",
        "extracted_requirement": "^1.17.4",
        "scope": "devDependencies",
        "is_runtime": false,
        "is_optional": true,
        "is_resolved": false,
        "resolved_package": {},
        "extra_data": {}
      },
      {
        "purl": "pkg:npm/sinon-chai",
        "extracted_requirement": "^2.8.0",
        "scope": "devDependencies",
        "is_runtime": false,
        "is_optional": true,
        "is_resolved": false,
        "resolved_package": {},
        "extra_data": {}
      },
      {
        "purl": "pkg:npm/sqlite3",
        "extracted_requirement": "^3.1.4",
        "scope": "devDependencies",
        "is_runtime": false,
        "is_optional": true,
        "is_resolved": false,
        "resolved_package": {},
        "extra_data": {}
      },
      {
        "purl": "pkg:npm/tedious",
        "extracted_requirement": "^1.13.2",
        "scope": "devDependencies",
        "is_runtime": false,
        "is_optional": true,
        "is_resolved": false,
        "resolved_package": {},
        "extra_data": {}
      },
      {
        "purl": "pkg:npm/uuid-validate",
        "extracted_requirement": "^0.0.2",
        "scope": "devDependencies",
        "is_runtime": false,
        "is_optional": true,
        "is_resolved": false,
        "resolved_package": {},
        "extra_data": {}
      },
      {
        "purl": "pkg:npm/watchr",
        "extracted_requirement": "~2.4.11",
        "scope": "devDependencies",
        "is_runtime": false,
        "is_optional": true,
        "is_resolved": false,
        "resolved_package": {},
        "extra_data": {}
      }
    ],
    "repository_homepage_url": "https://www.npmjs.com/package/sequelize",
    "repository_download_url": "https://registry.npmjs.org/sequelize/-/sequelize-3.30.2.tgz",
    "api_data_url": "https://registry.npmjs.org/sequelize/3.30.2",
    "datasource_id": "npm_package_json",
    "purl": "pkg:npm/sequelize@3.30.2"
  }
]